
> niju-driving-school@0.1.0 dev
> next dev

node.exe : ΓÜá Port 3000 is in use by process 40600, 
using available port 3001 instead.
At line:1 char:1
+ & "C:\Program Files\nodejs/node.exe" 
"C:\Users\pmkan\AppData\Roaming\ ...
+ ~~~~~~~~~~~~~~~~~~~~~~~~~~~~~~~~~~~~~~~~~~~~~~~~~~~~~
~~~~~~~~~~~~~~~~
    + CategoryInfo          : NotSpecified: (ΓÜá Port  
   3000 i...t 3001 instead.:String) [], RemoteExcepti  
  on
    + FullyQualifiedErrorId : NativeCommandError
 
ΓÜá Invalid next.config.ts options detected: 
ΓÜá     Unrecognized key(s) in object: 'turbo', 
'allowedDevOrigins' at "experimental"
ΓÜá See more info here: 
https://nextjs.org/docs/messages/invalid-next-config
ΓÜá Warning: Next.js inferred your workspace root, but 
it may not be correct.
 We detected multiple lockfiles and selected the 
directory of C:\Users\pmkan\package-lock.json as the 
root directory.
 To silence this warning, set `turbopack.root` in your 
Next.js config, or consider removing one of the 
lockfiles if it's not needed.
   See https://nextjs.org/docs/app/api-reference/config
/next-config-js/turbopack#root-directory for more 
information.
 Detected additional lockfiles: 
   * C:\Users\pmkan\OneDrive\Desktop\Niju_website\Websi
te\package-lock.json

Γû▓ Next.js 16.1.6 (Turbopack)
- Local:         http://localhost:3001
- Network:       http://172.24.96.1:3001
- Environments: .env.local
- Experiments (use with caution):
  ? allowedDevOrigins (invalid experimental key)
  ? turbo (invalid experimental key)

Γ£ô Starting...
Γ¿» Unable to acquire lock at C:\Users\pmkan\OneDrive\D
esktop\Niju_website\Website\.next\dev\lock, is another 
instance of next dev running?
  Suggestion: If you intended to restart next dev, terminate the other process, and then try again.
[?25h
